// Jest Snapshot v1, https://goo.gl/fbAQLP

exports[`Card Component renders the UI correctly 1`] = `
<div
  className="Card"
>
  <button
    onClick={[Function]}
    type="button"
  >
    delete
  </button>
  <h3>
    Test Card
  </h3>
  <p>
    This is a test card
  </p>
</div>
`;
